../Core/Src/stm32h7xx_hal_msp.c:63:6:HAL_MspInit	16	static
../Core/Src/stm32h7xx_hal_msp.c:86:6:HAL_CRC_MspInit	24	static
../Core/Src/stm32h7xx_hal_msp.c:108:6:HAL_CRC_MspDeInit	16	static
../Core/Src/stm32h7xx_hal_msp.c:130:6:HAL_ETH_MspInit	64	static
../Core/Src/stm32h7xx_hal_msp.c:191:6:HAL_ETH_MspDeInit	16	static
../Core/Src/stm32h7xx_hal_msp.c:233:6:HAL_FDCAN_MspInit	48	static
../Core/Src/stm32h7xx_hal_msp.c:269:6:HAL_FDCAN_MspDeInit	16	static
../Core/Src/stm32h7xx_hal_msp.c:298:6:HAL_I2C_MspInit	232	static
../Core/Src/stm32h7xx_hal_msp.c:377:6:HAL_I2C_MspDeInit	16	static
../Core/Src/stm32h7xx_hal_msp.c:428:6:HAL_LTDC_MspInit	248	static
../Core/Src/stm32h7xx_hal_msp.c:578:6:HAL_LTDC_MspDeInit	16	static
../Core/Src/stm32h7xx_hal_msp.c:639:6:HAL_OSPI_MspInit	240	static
../Core/Src/stm32h7xx_hal_msp.c:715:6:HAL_OSPI_MspDeInit	16	static
../Core/Src/stm32h7xx_hal_msp.c:755:6:HAL_SPI_MspInit	232	static
../Core/Src/stm32h7xx_hal_msp.c:811:6:HAL_SPI_MspDeInit	16	static
../Core/Src/stm32h7xx_hal_msp.c:843:6:HAL_UART_MspInit	232	static
../Core/Src/stm32h7xx_hal_msp.c:898:6:HAL_UART_MspDeInit	16	static
../Core/Src/stm32h7xx_hal_msp.c:925:13:HAL_FMC_MspInit	32	static
../Core/Src/stm32h7xx_hal_msp.c:1031:6:HAL_SDRAM_MspInit	16	static
../Core/Src/stm32h7xx_hal_msp.c:1043:13:HAL_FMC_MspDeInit	8	static
../Core/Src/stm32h7xx_hal_msp.c:1117:6:HAL_SDRAM_MspDeInit	16	static
