../Middlewares/ST/touchgfx/framework/include/mvp/Presenter.hpp:37:18:virtual void touchgfx::Presenter::activate()	16	static
../Middlewares/ST/touchgfx/framework/include/mvp/Presenter.hpp:47:18:virtual void touchgfx::Presenter::deactivate()	16	static
../Middlewares/ST/touchgfx/framework/include/mvp/Presenter.hpp:52:13:touchgfx::Presenter::~Presenter()	16	static
../Middlewares/ST/touchgfx/framework/include/mvp/Presenter.hpp:52:13:virtual touchgfx::Presenter::~Presenter()	16	static
../Middlewares/ST/touchgfx/framework/include/mvp/Presenter.hpp:58:5:touchgfx::Presenter::Presenter()	16	static
../TouchGFX/gui/include/gui/model/ModelListener.hpp:9:5:ModelListener::ModelListener()	16	static
../TouchGFX/gui/include/gui/model/ModelListener.hpp:11:13:ModelListener::~ModelListener()	16	static
../TouchGFX/gui/include/gui/model/ModelListener.hpp:11:13:virtual ModelListener::~ModelListener()	16	static
../TouchGFX/gui/include/gui/menu_9_screen/Menu_9Presenter.hpp:28:13:Menu_9Presenter::~Menu_9Presenter()	16	static
../TouchGFX/gui/include/gui/menu_9_screen/Menu_9Presenter.hpp:28:13:virtual Menu_9Presenter::~Menu_9Presenter()	16	static
../TouchGFX/gui/src/menu_9_screen/Menu_9Presenter.cpp:4:1:Menu_9Presenter::Menu_9Presenter(Menu_9View&)	16	static
../TouchGFX/gui/src/menu_9_screen/Menu_9Presenter.cpp:10:6:virtual void Menu_9Presenter::activate()	16	static
../TouchGFX/gui/src/menu_9_screen/Menu_9Presenter.cpp:15:6:virtual void Menu_9Presenter::deactivate()	16	static
