../Core/Src/main.c:119:5:main	48	static
../Core/Src/main.c:210:6:SystemClock_Config	120	static
../Core/Src/main.c:278:6:PeriphCommonClock_Config	192	static
../Core/Src/main.c:308:13:MX_CRC_Init	8	static
../Core/Src/main.c:339:13:MX_ETH_Init	8	static
../Core/Src/main.c:388:13:MX_FDCAN2_Init	8	static
../Core/Src/main.c:441:13:MX_I2C1_Init	8	static
../Core/Src/main.c:489:13:MX_I2C4_Init	8	static
../Core/Src/main.c:537:13:MX_LTDC_Init	64	static
../Core/Src/main.c:599:13:MX_OCTOSPI1_Init	32	static
../Core/Src/main.c:650:13:MX_SPI2_Init	8	static
../Core/Src/main.c:698:13:MX_UART7_Init	8	static
../Core/Src/main.c:742:13:MX_FMC_Init	40	static
../Core/Src/main.c:793:13:MX_GPIO_Init	64	static
../Core/Src/main.c:878:6:StartDefaultTask	16	static
../Core/Src/main.c:893:6:MPU_Config	24	static
../Core/Src/main.c:928:6:HAL_TIM_PeriodElapsedCallback	16	static
../Core/Src/main.c:945:6:Error_Handler	4	static,ignoring_inline_asm
