../Middlewares/ST/touchgfx/framework/include/touchgfx/Drawable.hpp:315:18:virtual void touchgfx::Drawable::setX(int16_t)	16	static
../Middlewares/ST/touchgfx/framework/include/touchgfx/Drawable.hpp:327:18:virtual void touchgfx::Drawable::setY(int16_t)	16	static
../Middlewares/ST/touchgfx/framework/include/touchgfx/Drawable.hpp:356:18:virtual void touchgfx::Drawable::setWidth(int16_t)	16	static
../Middlewares/ST/touchgfx/framework/include/touchgfx/Drawable.hpp:368:18:virtual void touchgfx::Drawable::setHeight(int16_t)	16	static
../Middlewares/ST/touchgfx/framework/include/touchgfx/Drawable.hpp:378:18:virtual void touchgfx::Drawable::childGeometryChanged()	16	static
../Middlewares/ST/touchgfx/framework/include/touchgfx/Drawable.hpp:389:18:virtual void touchgfx::Drawable::handleClickEvent(const touchgfx::ClickEvent&)	16	static
../Middlewares/ST/touchgfx/framework/include/touchgfx/Drawable.hpp:401:18:virtual void touchgfx::Drawable::handleGestureEvent(const touchgfx::GestureEvent&)	16	static
../Middlewares/ST/touchgfx/framework/include/touchgfx/Drawable.hpp:490:18:virtual void touchgfx::Drawable::handleDragEvent(const touchgfx::DragEvent&)	16	static
../Middlewares/ST/touchgfx/framework/include/touchgfx/Drawable.hpp:501:18:virtual void touchgfx::Drawable::handleTickEvent()	16	static
../Middlewares/ST/touchgfx/framework/include/touchgfx/Drawable.hpp:588:18:virtual void touchgfx::Drawable::moveTo(int16_t, int16_t)	16	static
../Middlewares/ST/touchgfx/framework/include/touchgfx/containers/Container.hpp:165:23:virtual touchgfx::Drawable* touchgfx::Container::getFirstChild()	16	static
../Middlewares/ST/touchgfx/framework/include/touchgfx/TypedText.hpp:59:5:touchgfx::TypedText::TypedText(touchgfx::TypedTextId)	16	static
../Middlewares/ST/touchgfx/framework/include/touchgfx/TypedText.hpp:65:13:touchgfx::TypedText::~TypedText()	16	static
../Middlewares/ST/touchgfx/framework/include/touchgfx/TypedText.hpp:65:13:virtual touchgfx::TypedText::~TypedText()	16	static
../TouchGFX/gui/include/gui/containers/Menu_buttons_container.hpp:19:13:Menu_buttons_container::~Menu_buttons_container()	16	static
../TouchGFX/gui/include/gui/containers/Menu_buttons_container.hpp:19:13:virtual Menu_buttons_container::~Menu_buttons_container()	16	static
../TouchGFX/gui/src/containers/Menu_buttons_container.cpp:8:1:Menu_buttons_container::Menu_buttons_container()	16	static
../TouchGFX/gui/src/containers/Menu_buttons_container.cpp:15:6:void Menu_buttons_container::setAction(touchgfx::GenericCallback<Menu_buttons_container&>&)	16	static
../TouchGFX/gui/src/containers/Menu_buttons_container.cpp:20:6:virtual void Menu_buttons_container::clickAction()	16	static
../TouchGFX/gui/src/containers/Menu_buttons_container.cpp:29:6:virtual void Menu_buttons_container::initialize()	16	static
../TouchGFX/gui/src/containers/Menu_buttons_container.cpp:35:6:void Menu_buttons_container::setupListElement(TEXTS, TGFX_Menu_t)	32	static
