../Core/LIB/globals.c:623:9:ADCPT1000_to_temp	24	static
../Core/LIB/globals.c:644:9:ADCPT1000_to_temp_old2	24	static
../Core/LIB/globals.c:665:9:ADCPT1000_to_temp_old1	24	static
../Core/LIB/globals.c:685:9:ADCNTCZ_to_temp	24	static
../Core/LIB/globals.c:749:6:out_do_1_set	4	static
../Core/LIB/globals.c:757:6:out_do_1_clr	4	static
../Core/LIB/globals.c:764:6:out_do_2_set	4	static
../Core/LIB/globals.c:772:6:out_do_2_clr	4	static
../Core/LIB/globals.c:779:6:out_zzc_set	4	static
../Core/LIB/globals.c:789:6:out_zzc_clr	4	static
../Core/LIB/globals.c:795:6:out_p_cwu_set	4	static
../Core/LIB/globals.c:801:6:out_p_cwu_clr	4	static
../Core/LIB/globals.c:807:6:out_sp_clr	16	static
../Core/LIB/globals.c:814:9:out_sp_set	16	static
../Core/LIB/globals.c:845:6:out_p_dz_set	16	static
../Core/LIB/globals.c:856:6:out_p_dz_clr	16	static
../Core/LIB/globals.c:863:6:out_p_sg_set	16	static
../Core/LIB/globals.c:872:6:out_p_sg_clr	16	static
../Core/LIB/globals.c:879:6:out_z3d_set	16	static
../Core/LIB/globals.c:886:6:out_z3d_clr	16	static
../Core/LIB/globals.c:895:6:temp_to_xchar_3	24	static
