../TouchGFX/generated/texts/src/TypedTextDatabase.cpp:105:43:const touchgfx::TypedText::TypedTextData* TypedTextDatabase::getInstance(touchgfx::LanguageId)	16	static
../TouchGFX/generated/texts/src/TypedTextDatabase.cpp:110:10:uint16_t TypedTextDatabase::getInstanceSize()	4	static
../TouchGFX/generated/texts/src/TypedTextDatabase.cpp:115:24:const touchgfx::Font** TypedTextDatabase::getFonts()	4	static
../TouchGFX/generated/texts/src/TypedTextDatabase.cpp:120:23:const touchgfx::Font* TypedTextDatabase::setFont(touchgfx::FontId, const touchgfx::Font*)	24	static
../TouchGFX/generated/texts/src/TypedTextDatabase.cpp:127:6:void TypedTextDatabase::resetFont(touchgfx::FontId)	16	static
../TouchGFX/generated/texts/src/TypedTextDatabase.cpp:142:1:void __static_initialization_and_destruction_0(int, int)	16	static
../TouchGFX/generated/texts/src/TypedTextDatabase.cpp:142:1:cpp)	8	static
